// Jest Snapshot v1, https://goo.gl/fbAQLP

exports[`renders correctly 1`] = `
<input
  type="submit"
  value="å€¤"
/>
`;
