// Jest Snapshot v1, https://goo.gl/fbAQLP

exports[`renders correctly 1`] = `
<form
  onSubmit={[MockFunction]}
>
  <input
    name="name"
    type="text"
  />
</form>
`;
